COMMAND: ./bootstrap.sh
CWD: /tmp/zag-v2-baseline
== native bootstrap: Zag -> x86-64 ELF (no cc/as/ld/libc) ==
warning[E0101]: multiplying by 1 has no effect
  --> selfhost/native/znc.zag:42
   = note: in function `rex`: this product always returns the other operand unchanged
   = hint: remove the `* 1`
warning[E0102]: multiplying by 0 is always 0
  --> selfhost/native/znc.zag:135
   = note: in function `encode_one`: this product computes a constant 0
   = hint: replace the expression with `0`
warning[E0101]: adding 0 has no effect
  --> selfhost/native/znc.zag:3574
   = note: in function `cg_lower_expr`: this addition always returns the other operand unchanged
   = hint: remove the `+ 0`
warning[E0101]: adding 0 has no effect
  --> selfhost/native/znc.zag:4146
   = note: in function `cg_lower_slice`: this addition always returns the other operand unchanged
   = hint: remove the `+ 0`
warning[E0101]: adding 0 has no effect
  --> selfhost/native/znc.zag:4146
   = note: in function `cg_lower_slice`: this addition always returns the other operand unchanged
   = hint: remove the `+ 0`
warning[E0101]: adding 0 has no effect
  --> selfhost/native/znc.zag:4146
   = note: in function `cg_lower_slice`: this addition always returns the other operand unchanged
   = hint: remove the `+ 0`
warning[E0101]: adding 0 has no effect
  --> selfhost/native/znc.zag:4146
   = note: in function `cg_lower_slice`: this addition always returns the other operand unchanged
   = hint: remove the `+ 0`
warning[E0101]: adding 0 has no effect
  --> selfhost/native/znc.zag:4146
   = note: in function `cg_lower_slice`: this addition always returns the other operand unchanged
   = hint: remove the `+ 0`
warning[E0101]: adding 0 has no effect
  --> selfhost/native/znc.zag:4146
   = note: in function `cg_lower_slice`: this addition always returns the other operand unchanged
   = hint: remove the `+ 0`
warning[E0101]: adding 0 has no effect
  --> selfhost/native/znc.zag:4146
   = note: in function `cg_lower_slice`: this addition always returns the other operand unchanged
   = hint: remove the `+ 0`
warning[E0101]: adding 0 has no effect
  --> selfhost/native/znc.zag:4146
   = note: in function `cg_lower_slice`: this addition always returns the other operand unchanged
   = hint: remove the `+ 0`
warning[E0101]: adding 0 has no effect
  --> selfhost/native/znc.zag:4308
   = note: in function `cg_materialize_into`: this addition always returns the other operand unchanged
   = hint: remove the `+ 0`
warning[E0101]: adding 0 has no effect
  --> selfhost/native/znc.zag:4308
   = note: in function `cg_materialize_into`: this addition always returns the other operand unchanged
   = hint: remove the `+ 0`
warning[E0101]: adding 0 has no effect
  --> selfhost/native/znc.zag:4434
   = note: in function `cg_materialize_union_into`: this addition always returns the other operand unchanged
   = hint: remove the `+ 0`
warning[E0101]: adding 0 has no effect
  --> selfhost/native/znc.zag:4543
   = note: in function `cg_store_opt_into`: this addition always returns the other operand unchanged
   = hint: remove the `+ 0`
warning[E0101]: adding 0 has no effect
  --> selfhost/native/znc.zag:4543
   = note: in function `cg_store_opt_into`: this addition always returns the other operand unchanged
   = hint: remove the `+ 0`
warning[E0101]: adding 0 has no effect
  --> selfhost/native/znc.zag:4581
   = note: in function `cg_lower_orelse`: this addition always returns the other operand unchanged
   = hint: remove the `+ 0`
warning[E0101]: adding 0 has no effect
  --> selfhost/native/znc.zag:5327
   = note: in function `cg_lower_builtin`: this addition always returns the other operand unchanged
   = hint: remove the `+ 0`
warning[E0101]: adding 0 has no effect
  --> selfhost/native/znc.zag:5948
   = note: in function `cg_lower_call`: this addition always returns the other operand unchanged
   = hint: remove the `+ 0`
warning[E0101]: adding 0 has no effect
  --> selfhost/native/znc.zag:6486
   = note: in function `cg_switch_materialize`: this addition always returns the other operand unchanged
   = hint: remove the `+ 0`
warning[E0101]: adding 0 has no effect
  --> selfhost/native/znc.zag:6527
   = note: in function `cg_lower_switch_stmt`: this addition always returns the other operand unchanged
   = hint: remove the `+ 0`
warning[E0101]: adding 0 has no effect
  --> selfhost/native/znc.zag:6570
   = note: in function `cg_lower_switch_expr`: this addition always returns the other operand unchanged
   = hint: remove the `+ 0`
warning[E0101]: adding 0 has no effect
  --> selfhost/native/znc.zag:6654
   = note: in function `cg_lower_stmt`: this addition always returns the other operand unchanged
   = hint: remove the `+ 0`
warning[E0101]: adding 0 has no effect
  --> selfhost/native/znc.zag:6654
   = note: in function `cg_lower_stmt`: this addition always returns the other operand unchanged
   = hint: remove the `+ 0`
warning[E0101]: adding 0 has no effect
  --> selfhost/native/znc.zag:6654
   = note: in function `cg_lower_stmt`: this addition always returns the other operand unchanged
   = hint: remove the `+ 0`
warning[E0101]: adding 0 has no effect
  --> selfhost/native/znc.zag:7520
   = note: in function `cg_emit_print_f64`: this addition always returns the other operand unchanged
   = hint: remove the `+ 0`
warning[E0101]: adding 0 has no effect
  --> selfhost/native/znc.zag:950
   = note: in function `ac_lower_expr`: this addition always returns the other operand unchanged
   = hint: remove the `+ 0`
warning[E0101]: adding 0 has no effect
  --> selfhost/native/znc.zag:950
   = note: in function `ac_lower_expr`: this addition always returns the other operand unchanged
   = hint: remove the `+ 0`
warning[E0101]: adding 0 has no effect
  --> selfhost/native/znc.zag:950
   = note: in function `ac_lower_expr`: this addition always returns the other operand unchanged
   = hint: remove the `+ 0`
znc: analyzer found 29 issue(s) (warnings above; use --analyze-strict to fail the build, --no-analyze to silence)
znc: wrote native binary znc.new (2581353 bytes main, 0 external tools)
   ./znc rebuilt itself from selfhost/native/znc.zag
== done. Supported compiler: ./znc (native + gpu + wasm) ==
   retired bootstrap implementations are available only through Git history.
RESULT: PASS exit=0
