COMMAND: bash tests/run_native_authority.sh
CWD: /tmp/zag-v2-baseline
ok no C, header, Python, or Zig source files
ok retired compiler and oracle paths remain absent
── native authority: poison cc/gcc/clang/as/ld ──
  ok  native seed rebuilt znc without a host C toolchain
  ok  stage-2 compiler is static ELF with no interpreter or shared libraries
ok no C, header, Python, or Zig source files
ok retired compiler and oracle paths remain absent
── native authority: poison cc/gcc/clang/as/ld ──
  ok  native seed rebuilt znc without a host C toolchain
  ok  stage-2 compiler is static ELF with no interpreter or shared libraries
  ok  syscall trace shows no child tool execution
  ok  stage-2 compiler built and ran a Zag program
  ok  user program is static ELF with no interpreter or shared libraries
  ok  supported bootstrap and native suite contain no host or legacy compiler invocation
── native authority: ABI/layout release gate ──
  ok  ABI/layout suite passed on stage-2 compiler
════ native-authority pass=7 fail=0 ════
RESULT: PASS
  ok  native seed rebuilt znc without a host C toolchain
  ok  stage-2 compiler is static ELF with no interpreter or shared libraries
  ok  syscall trace shows no child tool execution
  ok  stage-2 compiler built and ran a Zag program
  ok  user program is static ELF with no interpreter or shared libraries
  ok  supported bootstrap and native suite contain no host or legacy compiler invocation
── native authority: ABI/layout release gate ──
  ok  ABI/layout suite passed on stage-2 compiler
════ native-authority pass=7 fail=0 ════
RESULT: PASS
  ok  syscall trace shows no child tool execution
  ok  stage-2 compiler built and ran a Zag program
  ok  user program is static ELF with no interpreter or shared libraries
  ok  supported bootstrap and native suite contain no host or legacy compiler invocation
── native authority: ABI/layout release gate ──
  ok  ABI/layout suite passed on stage-2 compiler
════ native-authority pass=7 fail=0 ════
RESULT: PASS exit=0
