COMMAND: bash tests/run_native.sh
CWD: /tmp/zag-v2-baseline
── native backend: Zag → x86-64 ELF (no cc/as/ld/libc) ──
  ok  return literal (exit 42)
  ok  arithmetic (exit 38)
  ok  function call (exit 42)
  ok  forward decl (exit 0)
  ok  fwd mutual rec (exit 42)
  ok  recursion (fib) (exit 55)
  ok  while loop (exit 55)
  ok  continue nested (exit 8)
  ok  factorial (exit 120)
  ok  div and mod (exit 16)
  ok  i32 overflow wrap (stdout='920370032' exit=0)
  ok  unary minus (exit 7)
  ok  nested if/else (exit 99)
── output (print via write syscall) + structs ──
  ok  print_int (stdout='12345' exit=0)
  ok  print_int zero (stdout='0' exit=0)
  ok  print_int neg (stdout='-42' exit=0)
  ok  print computed (stdout='55' exit=0)
  ok  print_str (stdout='hello' exit=0)
  ok  struct fields (exit 42)
  ok  string .len (exit 5)
── structs by-value · slices · heap (new) ──
  ok  struct byval return (exit 42)
  ok  struct byval arg iso (exit 5)
  ok  slice value len (exit 5)
  ok  slice index (exit 101)
  ok  print slice var (stdout='hello' exit=0)
  ok  println slice newline (stdout='AB
CD' exit=0)
  ok  new heap (mmap) (exit 42)
  ok  new x3 (frame) (exit 42)
  ok  frame high-water repairs scan miss (exit 0)
  ok  byte access stops at mapping boundary (exit 42)
  ok  gfx1010 encoder decoder golden (exit 42)
  ok  portable memory fence (exit 42)
  ok  new+delete pair (exit 42)
  ok  delete after use (exit 42)
── generics · unions · @-builtins (native self-hosting round 1) ──
  ok  @sizeOf struct (exit 24)
  ok  @strEq equal (exit 1)
  ok  @strEq differ (exit 0)
  ok  generic id[T] (exit 42)
  ok  ArrayList[i32] (exit 42)
  ok  ArrayList realloc (exit 5)
  ok  ArrayList nested (exit 30)
  ok  ArrayList nested 3 (exit 30)
  ok  ArrayList nested push infer (exit 30)
  ok  ArrayList nested get infer (exit 15)
  ok  ArrayList nested set (exit 100)
  ok  union switch (exit 42)
  ok  union capture val (exit 37)
  ok  print_str union capture (stdout='world' exit=0)
  ok  enum switch (exit 42)
  ok  switch expression block guard (exit 42)
── variable layout · nested literals · &expr · optionals (round 2) ──
  ok  @sizeOf slice field (exit 32)
  ok  var-layout fields (exit 42)
  ok  slice field .len (exit 5)
  ok  nested union literal (exit 5)
  ok  nested struct as arg (exit 42)
  ok  &s.field write-thru (exit 42)
  ok  optional orelse val (exit 42)
  ok  optional orelse def (exit 7)
  ok  while-let sum (exit 6)
  ok  if-let present (exit 42)
  ok  if-let null skip (exit 99)
  ok  if-let else branch (exit 77)
  ok  force-unwrap .? (exit 5)
  ok  force-unwrap local (exit 42)
  ok  orelse as call arg (exit 7)
  ok  switch capture reuse + agg field (exit 42)
── floating-point (f64/f32 via SSE — no libc) ──
  ok  f64 add+cmp (exit 1)
  ok  f64 div trunc (exit 3)
  ok  int->f64->int (exit 7)
  ok  f64 lt/ge (exit 1)
  ok  f64 param/ret (exit 9)
  ok  f32 struct math (exit 4)
  ok  print_f64 frac (stdout='0.5' exit=0)
  ok  print_f64 div (stdout='1.5' exit=0)
  ok  print_f64 int (stdout='440' exit=0)
  ok  print_f64 neg (stdout='-1.5' exit=0)
  ok  print_f32 (stdout='0.25' exit=0)
── posits (p8/p16/p32/p64 — Zag posit runtime, native, no libc) ──
  ok  p32 round-trip 0.5 (stdout='0.5' exit=0)
  ok  p32 bits of 1.0 (stdout='1073741824' exit=0)
  ok  p32 add 1+2=3 (stdout='1275068416' exit=0)
  ok  p32 mul 2*2=4 (stdout='4' exit=0)
  ok  p8 bits of 1.0 (stdout='64' exit=0)
  ok  p16 bits of 1.0 (stdout='16384' exit=0)
  ok  p64 round-trip 3.0 (stdout='3' exit=0)
  ok  no-posit unaffected (stdout='7' exit=0)
── saturating / fixed-point / arbitrary-width (Round 2, native, no libc) ──
  ok  sat_i8 clamp (exit) (exit 127)
  ok  sat_i16 add clamps (stdout='32767' exit=0)
  ok  sat_i16 sub clamps (stdout='-32768' exit=0)
  ok  sat_u8 sub floor 0 (stdout='0' exit=0)
  ok  fixed_8_8 mul (Q8.8) (stdout='3125' exit=0)
  ok  fixed_8_8 add native (stdout='8' exit=0)
  ok  u11 mask (2100&0x7FF) (stdout='52' exit=0)
  ok  i12 signed native (stdout='-150' exit=0)
  ok  []sat_i16 index compiles (stdout='7' exit=0)
  ok  []i32 sub-slice len (exit 3)
  ok  []i32 sub-slice elem (exit 120)
  ok  []i32 sub-slice open (exit 2)
  ok  []sat_i16 sub-slice len (exit 2)
  ok  no-satfixed unaffected (stdout='7' exit=0)
── RNS (rns_3) and the 512-bit QUIRE (Round 3, native, no libc) ──
  ok  rns_3 add residue1 (stdout='14714' exit=0)
  ok  rns_3 mul residue1 (stdout='22939' exit=0)
  ok  rns_3 sub residue1 (stdout='55545' exit=0)
  ok  quire dot product=26 (stdout='26' exit=0)
  ok  quire cancellation=1 (stdout='1' exit=0)
  ok  no-rns unaffected (stdout='7' exit=0)
  ok  emitted ELF is static, no interpreter (no libc)
  ok  hex literal compiles and evaluates (0xff==255, 0x2a==42)
  ok  rejects mixed posit/non-posit arithmetic loudly
  ok  rejects mixed rns/non-rns arithmetic loudly
── Gap 7: user @alloc/@io effect declarations ──
  ok  user @alloc compiles (exit 0)
  ok  @noalloc rejects caller of user @alloc fn
── structural interfaces (native vtable dispatch + coercion) ──
  ok  interfaces Square report=75 Rect report=36 (stdout='75
36')
── error unions (!T, try, catch) ──
  ok  error union catch success (exit 5)
  ok  error union catch error (exit 7)
  ok  error union try propagate ok (exit 10)
  ok  error union try propagate err (exit 99)
  ok  error union catch |e| code>0 (exit 42)
  ok  error union distinct codes (exit 42)
  ok  rejects try in non-!T function (Raises violation)
  ok  rejects call with wrong argument count
  ok  exponent float literals (stdout='2.5e-09
1000' exit=0)
  ok  capture-less closure (exit 42)
  ok  closure shadows fn (exit 42)
  ok  capturing closure (exit 42)
  ok  error_propagation.zag: all 12 cases pass
── module system: pub/private · circular detection · zag.mod deps ──
  ok  module pub fn: utils.add(3,4)=7
  ok  module private symbol inaccessible (compile rejected)
  ok  circular import detected loudly
  ok  zag.mod missing dep detected loudly
── stdlib2 (sort/hashmap/strbuf) ──
  ok  stdlib2: sort/hashmap/strbuf all pass
── v1 standard library (native acceptance) ──
  ok  v1 stdlib: collections/strings/files/process/time/testing
── native edge-case battery (run_native_edge.sh) ──
── edge: unions (scalar/slice, nested, switch expr/stmt, capture reuse) ──
  ok  union scalar arm (exit 42)
  ok  union slice arm len (exit 4)
  ok  union capture reuse scalar/slice (exit 2)
  ok  union capture reuse struct arms (exit 42)
  ok  nested union in struct (exit 42)
  ok  switch stmt union side effect (exit 7)
── edge: effects (@pure/@noalloc/@realtime violation rejects) ──
  ok  reject @pure + IO (rejected)
  ok  reject @noalloc + zalloc (rejected)
  ok  reject @noalloc + delete (rejected)
  ok  reject @realtime + IO (rejected)
── edge: error unions (!T try/catch, code distinctness) ──
  ok  error catch success (exit 42)
  ok  error catch |e| on err (exit 1)
  ok  error try propagate ok (exit 10)
  ok  error try propagate err (exit 9)
  ok  error three distinct codes (exit 42)
  ok  error nested try/catch (exit 1)
── edge: numerics (i32/u32 wrap, sat_i8 clamp edges) ──
  ok  i32 INT_MAX+1 wrap (stdout='-2147483648' exit=0)
  ok  u32 MAX literal (stdout='4294967295' exit=0)
  ok  u32 MAX+1 wraps to 0 (stdout='0' exit=0)
  ok  sat_i8 max+1 clamps (exit 127)
  ok  sat_i8 min-1 clamps (exit 128)
  ok  sat_i8 sub floor (exit 128)
── edge: generics (inferred vs explicit, inference failure) ──
  ok  generic inferred let (exit 42)
  ok  generic explicit targs (exit 42)
  ok  reject generic inference fail (mixed args) (rejected)
  ok  reject generic inference fail (unbound T) (rejected)
── edge: modules (pub/private, circular import) ──
  ok  module pub fn accessible
  ok  module private symbol rejected
  ok  circular import rejected
── edge: forward decl + mutual recursion stress ──
  ok  forward decl only (exit 0)
  ok  mutual recursion even/odd (exit 1)
  ok  forward decl chain a→b→c (exit 42)
  ok  mutual recursion fib-like (exit 42)
════ native-edge pass=33 fail=0 ════
  ok  native edge-case battery (all edge cases pass)
════ native pass=132 fail=0 ════
RESULT: PASS exit=0
