COMMAND: bash tests/run_native_wasm.sh
CWD: /tmp/zag-v2-baseline
── znc WASM backend (selfhost/native/wasm.zag) ──
  ok  wasm_ret42.zag (magic/version/sections/export main)
  ok  runtime return literal 42 (wasmtime main() → 42)
  ok  wasm recursion + if/else
  ok  runtime fib(10) (wasmtime main() → 55)
  ok  wasm while loop
  ok  runtime sum 1..10 (wasmtime main() → 55)
  ok  wasm struct fields
  ok  runtime struct field add (wasmtime main() → 42)
  ok  wasm_demo.zag
  ok  runtime wasm_demo main (wasmtime main() → 0)
  ok  numeric.zag → .wasm
  ok  wasm_float.zag (f32/f64 locals + add/mul)
  ok  runtime f32/f64 (1.5+2.5)*2 (wasmtime main() → 8)
  ok  wasm_op.zag (enum + union switch)
  ok  runtime wasm_op enum/union switch (wasmtime main() → 0)
  ok  wasm union literal as call arg
  ok  runtime union literal call arg (wasmtime main() → 1)
  ok  wasm nested union switch + literal subject
  ok  runtime nested union switch (wasmtime main() → 1)
  ok  wasm enum+union combo + struct literal arg
  ok  runtime enum+union combo (wasmtime main() → 27)
  ok  wasm empty-payload union variant literal
  ok  runtime empty payload union (wasmtime main() → 11)
  ok  wasm f32/f64 edge (cast + mul + trunc)
  ok  runtime f32/f64 edge (wasmtime main() → 7)
  ok  wasm negative f32 literal
  ok  runtime negative f32 literal (wasmtime main() → -1)
  ok  wasm f64 literal call args
  ok  runtime f64 literal call args (1.25*2.75) (wasmtime main() → 3)
  ok  wasm mixed f32/f64 call promotion
  ok  runtime mixed f32/f64 call (wasmtime main() → 5)
════ native-wasm pass=31 fail=0 ════
RESULT: PASS exit=0
