COMMAND: bash tests/run_semantics.sh
CWD: /tmp/zag-v2-baseline
-- v1 core: accepted semantics --
  ok  scoping-import-shadow (exit 42)
  ok  nested-block-shadow (exit 41)
  ok  capture-shadow (exit 42)
  ok  numeric-types-casts (exit 42)
  ok  error-propagation (exit 42)
  ok  generic-monomorphization (exit 42)
  ok  memory-value-pointer (exit 42)
  ok  edge-control-values (exit 42)
-- v1 core: required rejection --
  ok  unknown-name (rejected, no executable)
  ok  try-outside-error-function (rejected, no executable)
  ok  mixed-posit-arithmetic (rejected, no executable)
  ok  hexadecimal-literal (exit 42)
  ok  escaping-capturing-closure (rejected, no executable)
  ok  general-type-mismatch (rejected, no executable)
==== semantics pass=14 fail=0 known_gaps=0 ====
RESULT: PASS exit=0
